G:/Faculty Of Engineering/4th Communication/Graduation Project/OneDrive - Alexandria University/Team 7/Resources/Courses/MOOC - STM32CubeMX and STM32Cube HAL basics/Projects/20220425_Encoder_Driver_Test/Core/Src/stm32f1xx_it.c:69:6:NMI_Handler	4	static
G:/Faculty Of Engineering/4th Communication/Graduation Project/OneDrive - Alexandria University/Team 7/Resources/Courses/MOOC - STM32CubeMX and STM32Cube HAL basics/Projects/20220425_Encoder_Driver_Test/Core/Src/stm32f1xx_it.c:84:6:HardFault_Handler	4	static
G:/Faculty Of Engineering/4th Communication/Graduation Project/OneDrive - Alexandria University/Team 7/Resources/Courses/MOOC - STM32CubeMX and STM32Cube HAL basics/Projects/20220425_Encoder_Driver_Test/Core/Src/stm32f1xx_it.c:99:6:MemManage_Handler	4	static
G:/Faculty Of Engineering/4th Communication/Graduation Project/OneDrive - Alexandria University/Team 7/Resources/Courses/MOOC - STM32CubeMX and STM32Cube HAL basics/Projects/20220425_Encoder_Driver_Test/Core/Src/stm32f1xx_it.c:114:6:BusFault_Handler	4	static
G:/Faculty Of Engineering/4th Communication/Graduation Project/OneDrive - Alexandria University/Team 7/Resources/Courses/MOOC - STM32CubeMX and STM32Cube HAL basics/Projects/20220425_Encoder_Driver_Test/Core/Src/stm32f1xx_it.c:129:6:UsageFault_Handler	4	static
G:/Faculty Of Engineering/4th Communication/Graduation Project/OneDrive - Alexandria University/Team 7/Resources/Courses/MOOC - STM32CubeMX and STM32Cube HAL basics/Projects/20220425_Encoder_Driver_Test/Core/Src/stm32f1xx_it.c:144:6:SVC_Handler	4	static
G:/Faculty Of Engineering/4th Communication/Graduation Project/OneDrive - Alexandria University/Team 7/Resources/Courses/MOOC - STM32CubeMX and STM32Cube HAL basics/Projects/20220425_Encoder_Driver_Test/Core/Src/stm32f1xx_it.c:157:6:DebugMon_Handler	4	static
G:/Faculty Of Engineering/4th Communication/Graduation Project/OneDrive - Alexandria University/Team 7/Resources/Courses/MOOC - STM32CubeMX and STM32Cube HAL basics/Projects/20220425_Encoder_Driver_Test/Core/Src/stm32f1xx_it.c:170:6:PendSV_Handler	4	static
G:/Faculty Of Engineering/4th Communication/Graduation Project/OneDrive - Alexandria University/Team 7/Resources/Courses/MOOC - STM32CubeMX and STM32Cube HAL basics/Projects/20220425_Encoder_Driver_Test/Core/Src/stm32f1xx_it.c:183:6:SysTick_Handler	8	static
G:/Faculty Of Engineering/4th Communication/Graduation Project/OneDrive - Alexandria University/Team 7/Resources/Courses/MOOC - STM32CubeMX and STM32Cube HAL basics/Projects/20220425_Encoder_Driver_Test/Core/Src/stm32f1xx_it.c:204:6:TIM4_IRQHandler	8	static
