G:/Faculty Of Engineering/4th Communication/Graduation Project/OneDrive - Alexandria University/Team 7/Resources/Courses/MOOC - STM32CubeMX and STM32Cube HAL basics/Projects/20220425_Encoder_Driver_Test/Core/Src/usart.c:31:6:MX_USART1_UART_Init	8	static
G:/Faculty Of Engineering/4th Communication/Graduation Project/OneDrive - Alexandria University/Team 7/Resources/Courses/MOOC - STM32CubeMX and STM32Cube HAL basics/Projects/20220425_Encoder_Driver_Test/Core/Src/usart.c:59:6:HAL_UART_MspInit	48	static
G:/Faculty Of Engineering/4th Communication/Graduation Project/OneDrive - Alexandria University/Team 7/Resources/Courses/MOOC - STM32CubeMX and STM32Cube HAL basics/Projects/20220425_Encoder_Driver_Test/Core/Src/usart.c:94:6:HAL_UART_MspDeInit	16	static
