main.c:128:9:calculateValue	24	static
main.c:141:9:takeAbsoulute	16	static
main.c:147:6:convertIntToChars	24	static
main.c:162:6:indicatePosition	4	static
main.c:174:6:sendWarning	4	static
main.c:326:6:storeCarVariables	8	static
main.c:374:6:resetVariables	4	static
main.c:387:6:HAL_UART_TxCpltCallback	16	static
main.c:393:6:HAL_UART_RxCpltCallback	16	static
main.c:461:5:main	8	static
main.c:508:6:SystemClock_Config	72	static
main.c:544:13:MX_USART1_UART_Init	8	static
main.c:577:13:MX_GPIO_Init	16	static
main.c:593:6:Error_Handler	4	static,ignoring_inline_asm
