main.c:121:9:calculateValue	24	static
main.c:134:9:takeAbsoulute	16	static
main.c:140:6:convertIntToChars	24	static
main.c:155:6:indicatePosition	4	static
main.c:167:6:sendWarning	8	static
main.c:220:6:storeCarVariables	8	static
main.c:261:6:resetVariables	4	static
main.c:274:6:HAL_UART_TxCpltCallback	16	static
main.c:280:6:HAL_UART_RxCpltCallback	16	static
main.c:347:5:main	8	static
main.c:392:6:SystemClock_Config	72	static
main.c:428:13:MX_USART1_UART_Init	8	static
main.c:461:13:MX_GPIO_Init	16	static
main.c:477:6:Error_Handler	4	static,ignoring_inline_asm
