stdio.h:214:5:fputc	16	static
main.c:99:6:MPU6050_Init	32	static
main.c:123:6:MPU6050_Read_Accel	32	static
main.c:138:6:MPU6050_Read_Gyro	32	static
main.c:153:6:HAL_TIM_PeriodElapsedCallback	96	static
main.c:173:5:main	8	static
main.c:224:6:SystemClock_Config	72	static
main.c:263:13:MX_I2C1_Init	8	static
main.c:297:13:MX_TIM1_Init	40	static
main.c:344:13:MX_TIM2_Init	32	static
main.c:392:13:MX_USART2_UART_Init	8	static
main.c:425:13:MX_GPIO_Init	40	static
main.c:455:6:Error_Handler	4	static,ignoring_inline_asm
